// Vitest Snapshot v1, https://vitest.dev/guide/snapshot.html

exports[`Main page > renders correctly 1`] = `
<div>
  <div
    class="_page_d7ba51"
  >
    <div
      class="_bigSection_d7ba51"
    >
      <h1
        class="_welcomeTitle_d7ba51"
      >
        REST/GraphiQL client
      </h1>
      <p>
        Welcome, please sign in.
      </p>
      <div
        class="_additionalInfo_d7ba51"
      >
        <a
          href="/sign-in"
        >
          Sign in
        </a>
        <a
          href="/sign-up"
        >
          Sign up
        </a>
      </div>
    </div>
    <div
      class="_container_d7ba51"
    >
      <h2
        class="_sectionTitle_d7ba51"
      >
        Project information
      </h2>
      <div
        class="_introParagraph_d7ba51"
      >
        Developed as the final assignment for a React course, this project showcases the coordinated effort of three dedicated participants.
      </div>
      <div
        class="_introParagraph_d7ba51"
      >
        Completed within a span of four weeks, the application is a result of the team's hard work and collaboration.
      </div>
      <div
        class="_introParagraph_d7ba51"
      >
        The application supports both RESTful and GraphQL APIs, featuring Firebase authentication, request history tracking, and language switching. Users can configure, send requests, and view responses.
      </div>
      <div
        class="_blockInfo_f2db44 "
      >
        <a
          href="https://github.com/izy-code"
          target="_blank"
        >
          <div
            class="_imageTeam_f2db44 _imageIzy_f2db44"
          />
        </a>
        <div
          class="_textInfo_f2db44"
        >
          <a
            class="_titleBlock_f2db44"
            href="https://github.com/izy-code"
            target="_blank"
          >
            <h2>
              Ivan Zhirebny
               
            </h2>
          </a>
          <div>
            <span
              class="_infoTitle_f2db44"
            >
              GitHub: 
            </span>
            <a
              class="_link_f2db44"
              href="https://github.com/izy-code"
              target="_blank"
            >
              izy-code
            </a>
          </div>
          <div>
            <span
              class="_infoTitle_f2db44"
            >
              Role
              : 
            </span>
            Frontend-developer, Team leader
          </div>
          <div>
            <span
              class="_infoTitle_f2db44"
            >
              Contributions
              : 
            </span>
            Dev environment setup, Authentication, Firebase
          </div>
          <div>
            <span
              class="_infoTitle_f2db44"
            >
              Short bio
              : 
            </span>
             Graduated from the Bauman Moscow State Technical University, completed the Frontend Developer program at the HTML Academy
          </div>
          <div>
            <span
              class="_infoTitle_f2db44"
            >
              Tech stack: 
            </span>
            <span
              class="_softStackItem_f2db44"
            >
              CSS
            </span>
            <span
              class="_softStackItem_f2db44"
            >
              Sass
            </span>
            <span
              class="_softStackItem_f2db44"
            >
              HTML
            </span>
            <span
              class="_softStackItem_f2db44"
            >
              JavaScript
            </span>
            <span
              class="_softStackItem_f2db44"
            >
              Java
            </span>
            <span
              class="_softStackItem_f2db44"
            >
              TypeScript
            </span>
            <span
              class="_softStackItem_f2db44"
            >
              Webpack
            </span>
            <span
              class="_softStackItem_f2db44"
            >
              Vite
            </span>
            <span
              class="_softStackItem_f2db44"
            >
              Jest
            </span>
            <span
              class="_softStackItem_f2db44"
            >
              React
            </span>
            <span
              class="_softStackItem_f2db44"
            >
              Next
            </span>
            <span
              class="_softStackItem_f2db44"
            >
              Redux
            </span>
            <span
              class="_softStackItem_f2db44"
            >
              Remix
            </span>
          </div>
        </div>
      </div>
      <div
        class="_blockInfo_f2db44 _rotate_f2db44"
      >
        <a
          href="https://github.com/VadimKol"
          target="_blank"
        >
          <div
            class="_imageTeam_f2db44 _imageVadim_f2db44"
          />
        </a>
        <div
          class="_textInfo_f2db44"
        >
          <a
            class="_titleBlock_f2db44"
            href="https://github.com/VadimKol"
            target="_blank"
          >
            <h2>
              Vadim Kolymbet
               
            </h2>
          </a>
          <div>
            <span
              class="_infoTitle_f2db44"
            >
              GitHub: 
            </span>
            <a
              class="_link_f2db44"
              href="https://github.com/VadimKol"
              target="_blank"
            >
              vadimkol
            </a>
          </div>
          <div>
            <span
              class="_infoTitle_f2db44"
            >
              Role
              : 
            </span>
            Frontend-developer
          </div>
          <div>
            <span
              class="_infoTitle_f2db44"
            >
              Contributions
              : 
            </span>
            Routing, Internationalization
          </div>
          <div>
            <span
              class="_infoTitle_f2db44"
            >
              Short bio
              : 
            </span>
            Graduated from the Saratov State University, studied at the Faculty of Computer Science and Information Technologies and in the Department of Computer Security and Cryptography Theory. Graduated from layout courses at Frontendblok. Worked as a T-SQL developer
          </div>
          <div>
            <span
              class="_infoTitle_f2db44"
            >
              Tech stack: 
            </span>
            <span
              class="_softStackItem_f2db44"
            >
              CSS
            </span>
            <span
              class="_softStackItem_f2db44"
            >
              Sass
            </span>
            <span
              class="_softStackItem_f2db44"
            >
              SQL
            </span>
            <span
              class="_softStackItem_f2db44"
            >
              HTML
            </span>
            <span
              class="_softStackItem_f2db44"
            >
              JavaScript
            </span>
            <span
              class="_softStackItem_f2db44"
            >
              TypeScript
            </span>
            <span
              class="_softStackItem_f2db44"
            >
              Webpack
            </span>
            <span
              class="_softStackItem_f2db44"
            >
              Vite
            </span>
            <span
              class="_softStackItem_f2db44"
            >
              Jest
            </span>
            <span
              class="_softStackItem_f2db44"
            >
              React
            </span>
            <span
              class="_softStackItem_f2db44"
            >
              Next
            </span>
            <span
              class="_softStackItem_f2db44"
            >
              Redux
            </span>
          </div>
        </div>
      </div>
      <div
        class="_blockInfo_f2db44 "
      >
        <a
          href="https://github.com/BodnarAlex"
          target="_blank"
        >
          <div
            class="_imageTeam_f2db44 _imageAlex_f2db44"
          />
        </a>
        <div
          class="_textInfo_f2db44"
        >
          <a
            class="_titleBlock_f2db44"
            href="https://github.com/BodnarAlex"
            target="_blank"
          >
            <h2>
              Aleksandra Bodnar
               
            </h2>
          </a>
          <div>
            <span
              class="_infoTitle_f2db44"
            >
              GitHub: 
            </span>
            <a
              class="_link_f2db44"
              href="https://github.com/BodnarAlex"
              target="_blank"
            >
              bodnaralex
            </a>
          </div>
          <div>
            <span
              class="_infoTitle_f2db44"
            >
              Role
              : 
            </span>
            Frontend-developer, Scrum-master
          </div>
          <div>
            <span
              class="_infoTitle_f2db44"
            >
              Contributions
              : 
            </span>
            Jira, Design, MUI
          </div>
          <div>
            <span
              class="_infoTitle_f2db44"
            >
              Short bio
              : 
            </span>
            Graduated from the Immanuel Kant Baltic Federal University, studied at the Faculty of Business Informatics. Graduated from 3WC courses with a degree in Frontend-development. Built PHP-driven features for 1C CRM
          </div>
          <div>
            <span
              class="_infoTitle_f2db44"
            >
              Tech stack: 
            </span>
            <span
              class="_softStackItem_f2db44"
            >
              PHP
            </span>
            <span
              class="_softStackItem_f2db44"
            >
              C++
            </span>
            <span
              class="_softStackItem_f2db44"
            >
              Python
            </span>
            <span
              class="_softStackItem_f2db44"
            >
              Wordpress
            </span>
            <span
              class="_softStackItem_f2db44"
            >
              CSS
            </span>
            <span
              class="_softStackItem_f2db44"
            >
              Sass
            </span>
            <span
              class="_softStackItem_f2db44"
            >
              HTML
            </span>
            <span
              class="_softStackItem_f2db44"
            >
              JavaScript
            </span>
            <span
              class="_softStackItem_f2db44"
            >
              TypeScript
            </span>
            <span
              class="_softStackItem_f2db44"
            >
              Webpack
            </span>
            <span
              class="_softStackItem_f2db44"
            >
              Vite
            </span>
            <span
              class="_softStackItem_f2db44"
            >
              React
            </span>
            <span
              class="_softStackItem_f2db44"
            >
              Next
            </span>
            <span
              class="_softStackItem_f2db44"
            >
              Redux
            </span>
          </div>
        </div>
      </div>
      <div
        class="_blockInfo_f2db44 _rotate_f2db44"
      >
        <a
          href="https://rs.school"
          target="_blank"
        >
          <div
            class="_imageTeam_f2db44 _imageRss_f2db44"
          />
        </a>
        <div
          class="_textInfo_f2db44"
        >
          <a
            class="_titleBlock_f2db44"
            href="https://rs.school"
            target="_blank"
          >
            <h2>
              Rolling Scopes School
               
            </h2>
          </a>
          <div>
            RSSchool is an online educational community focused on web development and programming, offering well-structured courses for both beginners and experienced developers. 
          </div>
          <div>
            Renowned for its high-quality education, RSSchool provides a comprehensive curriculum covering everything from basic HTML, CSS, and JavaScript to advanced technologies like React and Node.js. The school emphasizes project-based learning, enabling students to build real-world projects and develop impressive portfolios.
          </div>
          <div>
            RSSchool thrives on a vibrant community of volunteers, including seasoned developers and alumni, who mentor and support new learners.
          </div>
        </div>
      </div>
    </div>
  </div>
  ;
</div>
`;
